# Copyright (c) 2026 Huawei Device Co., Ltd.
# Licensed under the Apache License, Version 2.0 (the "License");
# you may not use this file except in compliance with the License.
# You may obtain a copy of the License at
#
#     http://www.apache.org/licenses/LICENSE-2.0
#
# Unless required by applicable law or agreed to in writing, software
# distributed under the License is distributed on an "AS IS" BASIS,
# WITHOUT WARRANTIES OR CONDITIONS OF ANY KIND, either express or implied.
# See the License for the specific language governing permissions and
# limitations under the License.

{
    global:
        extern "C++" {
            OHOS::Rosen::ExtensionSessionManager::GetInstance*;
            OHOS::Rosen::ExtensionSessionManager::RequestExtensionSession*;
            OHOS::Rosen::ExtensionSessionManager::RequestExtensionSessionActivation*;
            OHOS::Rosen::ExtensionSessionManager::RequestExtensionSessionBackground*;
            OHOS::Rosen::ExtensionSessionManager::RequestExtensionSessionDestruction*;
            OHOS::Rosen::ExtensionSessionManager::RequestExtensionSessionDestructionDone*;
            OHOS::Rosen::PipChangeListenerStub::OnRemoteRequest*;
            OHOS::Rosen::SceneSessionManager::AddRequestTaskInfo*;
            OHOS::Rosen::SceneSessionManager::AddWindowDragHotArea*;
            OHOS::Rosen::SceneSessionManager::ApplyFeatureConfig*;
            OHOS::Rosen::SceneSessionManager::ChangeUIAbilityVisibilityBySCB*;
            OHOS::Rosen::SceneSessionManager::CheckCollaboratorType*;
            OHOS::Rosen::SceneSessionManager::CheckIfReuseSession*;
            OHOS::Rosen::SceneSessionManager::CheckSceneZOrder*;
            OHOS::Rosen::SceneSessionManager::CloneWindow*;
            OHOS::Rosen::SceneSessionManager::CloseSyncTransaction*;
            OHOS::Rosen::SceneSessionManager::ConfigDockAutoHide*;
            OHOS::Rosen::SceneSessionManager::ConfigSupportCacheLockedSessionSnapshot*;
            OHOS::Rosen::SceneSessionManager::ConfigSupportCreateFloatWindow*;
            OHOS::Rosen::SceneSessionManager::ConfigSupportFollowParentWindowLayout*;
            OHOS::Rosen::SceneSessionManager::ConfigSupportFollowRelativePositionToParent*;
            OHOS::Rosen::SceneSessionManager::ConfigSupportFunctionType*;
            OHOS::Rosen::SceneSessionManager::ConfigSupportPreloadStartingWindow*;
            OHOS::Rosen::SceneSessionManager::ConfigSupportSnapshotAllSessionStatus*;
            OHOS::Rosen::SceneSessionManager::ConfigSupportZLevel*;
            OHOS::Rosen::SceneSessionManager::FindSessionByAffinity*;
            OHOS::Rosen::SceneSessionManager::FlushUIParams*;
            OHOS::Rosen::SceneSessionManager::FlushWindowInfoToMMI*;
            OHOS::Rosen::SceneSessionManager::GetAbilityInfo*;
            OHOS::Rosen::SceneSessionManager::GetActiveSceneSessionCopy*;
            OHOS::Rosen::SceneSessionManager::GetAllAbilityInfos*;
            OHOS::Rosen::SceneSessionManager::GetAllJsonProfile*;
            OHOS::Rosen::SceneSessionManager::GetAllWindowVisibilityInfos*;
            OHOS::Rosen::SceneSessionManager::GetApplicationInfo*;
            OHOS::Rosen::SceneSessionManager::GetBatchAbilityInfos*;
            OHOS::Rosen::SceneSessionManager::GetCurrentUserId*;
            OHOS::Rosen::SceneSessionManager::GetCustomDecorHeight*;
            OHOS::Rosen::SceneSessionManager::GetDelayRemoveSnapshot*;
            OHOS::Rosen::SceneSessionManager::GetFocusedSessionId*;
            OHOS::Rosen::SceneSessionManager::GetInstance*;
            OHOS::Rosen::SceneSessionManager::GetInstanceCount*;
            OHOS::Rosen::SceneSessionManager::GetIsLayoutFullScreen*;
            OHOS::Rosen::SceneSessionManager::GetJsonProfile*;
            OHOS::Rosen::SceneSessionManager::GetLastInstanceKey*;
            OHOS::Rosen::SceneSessionManager::GetMaxInstanceCount*;
            OHOS::Rosen::SceneSessionManager::GetPersistentImageFit*;
            OHOS::Rosen::SceneSessionManager::GetPipDeviceCollaborationPolicy*;
            OHOS::Rosen::SceneSessionManager::GetPreLoadStartingWindow*;
            OHOS::Rosen::SceneSessionManager::GetRootSceneSession*;
            OHOS::Rosen::SceneSessionManager::GetRootSceneStatusBarHeight*;
            OHOS::Rosen::SceneSessionManager::GetRootSessionAvoidAreaByType*;
            OHOS::Rosen::SceneSessionManager::GetSceneSession*;
            OHOS::Rosen::SceneSessionManager::GetSceneSessionByIdentityInfo*;
            OHOS::Rosen::SceneSessionManager::GetSessionSnapshotPixelMap*;
            OHOS::Rosen::SceneSessionManager::GetSingleHandCompatibleModeConfig*;
            OHOS::Rosen::SceneSessionManager::GetStartupPage*;
            OHOS::Rosen::SceneSessionManager::GetSystemSessionConfig*;
            OHOS::Rosen::SceneSessionManager::GetWindowLimits*;
            OHOS::Rosen::SceneSessionManager::GetWindowSceneConfig*;
            OHOS::Rosen::SceneSessionManager::HandleKeepScreenOn*;
            OHOS::Rosen::SceneSessionManager::HandleUserSwitch*;
            OHOS::Rosen::SceneSessionManager::InitPersistentStorage*;
            OHOS::Rosen::SceneSessionManager::InitScheduleUtils*;
            OHOS::Rosen::SceneSessionManager::InitUserInfo*;
            OHOS::Rosen::SceneSessionManager::InitWithRenderServiceAdded*;
            OHOS::Rosen::SceneSessionManager::IsInputEventEnabled*;
            OHOS::Rosen::SceneSessionManager::IsScreenLocked*;
            OHOS::Rosen::SceneSessionManager::NotifyAINavigationBarShowStatus*;
            OHOS::Rosen::SceneSessionManager::NotifyAmsPendingSessionWhenFail*;
            OHOS::Rosen::SceneSessionManager::NotifyCompleteFirstFrameDrawing*;
            OHOS::Rosen::SceneSessionManager::NotifyEnterRecentTask*;
            OHOS::Rosen::SceneSessionManager::NotifyForegroundInteractiveStatus*;
            OHOS::Rosen::SceneSessionManager::NotifyHookOrientationChange*;
            OHOS::Rosen::SceneSessionManager::NotifyNextAvoidRectInfo*;
            OHOS::Rosen::SceneSessionManager::NotifyOnAttachToFrameNode*;
            OHOS::Rosen::SceneSessionManager::NotifyRecoveringFinished*;
            OHOS::Rosen::SceneSessionManager::NotifySessionTransferToTargetScreenEvent*;
            OHOS::Rosen::SceneSessionManager::NotifySingleHandInfoChange*;
            OHOS::Rosen::SceneSessionManager::NotifyStackEmpty*;
            OHOS::Rosen::SceneSessionManager::NotifyStatusBarConstantlyShow*;
            OHOS::Rosen::SceneSessionManager::NotifyStatusBarShowStatus*;
            OHOS::Rosen::SceneSessionManager::NotifySupportRotationChange*;
            OHOS::Rosen::SceneSessionManager::NotifyUpdateRectAfterLayout*;
            OHOS::Rosen::SceneSessionManager::OnConfigurationUpdated*;
            OHOS::Rosen::SceneSessionManager::OnNotifyAboveLockScreen*;
            OHOS::Rosen::SceneSessionManager::PreloadInLakeApp*;
            OHOS::Rosen::SceneSessionManager::PreLoadStartingWindow*;
            OHOS::Rosen::SceneSessionManager::PrepareTerminate*;
            OHOS::Rosen::SceneSessionManager::ProcessBackEvent*;
            OHOS::Rosen::SceneSessionManager::ReclaimPurgeableCleanMem*;
            OHOS::Rosen::SceneSessionManager::RefreshAppInfo*;
            OHOS::Rosen::SceneSessionManager::RefreshPcZOrderList*;
            OHOS::Rosen::SceneSessionManager::RegisterBindDialogTargetListener*;
            OHOS::Rosen::SceneSessionManager::RegisterCreateSubSessionListener*;
            OHOS::Rosen::SceneSessionManager::RegisterGetRSNodeByStringIDFunc*;
            OHOS::Rosen::SceneSessionManager::RegisterKioskModeChangeCallback*;
            OHOS::Rosen::SceneSessionManager::RegisterMinimizeByWindowIdCallback*;
            OHOS::Rosen::SceneSessionManager::RegisterNotifyAppUseControlListCallback*;
            OHOS::Rosen::SceneSessionManager::RegisterNotifyRootSceneAvoidAreaChangeFunc*;
            OHOS::Rosen::SceneSessionManager::RegisterSceneSessionDestructCallback*;
            OHOS::Rosen::SceneSessionManager::RegisterSetForegroundWindowNumCallback*;
            OHOS::Rosen::SceneSessionManager::RegisterSetTopWindowBoundaryByIDFunc*;
            OHOS::Rosen::SceneSessionManager::RegisterSingleHandContainerNode*;
            OHOS::Rosen::SceneSessionManager::RegisterTransferSessionToTargetScreenCallback*;
            OHOS::Rosen::SceneSessionManager::RegisterUpdateKioskAppListCallback*;
            OHOS::Rosen::SceneSessionManager::RegisterVirtualPixelChangeCallback*;
            OHOS::Rosen::SceneSessionManager::RegisterWatchFocusActiveChangeCallback*;
            OHOS::Rosen::SceneSessionManager::RegisterWatchGestureConsumeResultCallback*;
            OHOS::Rosen::SceneSessionManager::RemoveLifeCycleTaskByPersistentId*;
            OHOS::Rosen::SceneSessionManager::RemovePreLoadStartingWindowFromMap*;
            OHOS::Rosen::SceneSessionManager::RequestAllAppSessionUnfocus*;
            OHOS::Rosen::SceneSessionManager::RequestFocusStatusBySCB*;
            OHOS::Rosen::SceneSessionManager::RequestSceneSession*;
            OHOS::Rosen::SceneSessionManager::RequestSceneSessionActivation*;
            OHOS::Rosen::SceneSessionManager::RequestSceneSessionBackground*;
            OHOS::Rosen::SceneSessionManager::RequestSceneSessionByCall*;
            OHOS::Rosen::SceneSessionManager::RequestSceneSessionDestruction*;
            OHOS::Rosen::SceneSessionManager::SendTouchEvent*;
            OHOS::Rosen::SceneSessionManager::SetAbilityManagerCollaboratorRegisteredFunc*;
            OHOS::Rosen::SceneSessionManager::SetAlivePersistentIds*;
            OHOS::Rosen::SceneSessionManager::SetAppDragResizeTypeInner*;
            OHOS::Rosen::SceneSessionManager::SetAppForceLandscapeConfig*;
            OHOS::Rosen::SceneSessionManager::SetAppForceLandscapeConfigEnable*;
            OHOS::Rosen::SceneSessionManager::SetBehindWindowFilterEnabled*;
            OHOS::Rosen::SceneSessionManager::SetCloseTargetFloatWindowFunc*;
            OHOS::Rosen::SceneSessionManager::SetCreateKeyboardSessionListener*;
            OHOS::Rosen::SceneSessionManager::SetCreateSystemSessionListener*;
            OHOS::Rosen::SceneSessionManager::SetDelayRemoveSnapshot*;
            OHOS::Rosen::SceneSessionManager::SetDumpRootSceneElementInfoListener*;
            OHOS::Rosen::SceneSessionManager::SetDumpUITreeFunc*;
            OHOS::Rosen::SceneSessionManager::SetEnableInputEvent*;
            OHOS::Rosen::SceneSessionManager::SetFindScenePanelRsNodeByZOrderFunc*;
            OHOS::Rosen::SceneSessionManager::SetGestureNavigationEnabledChangeListener*;
            OHOS::Rosen::SceneSessionManager::SetHasRootSceneRequestedVsyncFunc*;
            OHOS::Rosen::SceneSessionManager::SetIsPipEnabled*;
            OHOS::Rosen::SceneSessionManager::SetIsRootSceneLastFrameLayoutFinishedFunc*;
            OHOS::Rosen::SceneSessionManager::SetIsWindowRectAutoSave*;
            OHOS::Rosen::SceneSessionManager::SetMaximizeFullScreen*;
            OHOS::Rosen::SceneSessionManager::SetOnFlushUIParamsFunc*;
            OHOS::Rosen::SceneSessionManager::SetOutsideDownEventListener*;
            OHOS::Rosen::SceneSessionManager::SetPiPSettingSwitchStatus*;
            OHOS::Rosen::SceneSessionManager::SetRecoverSceneSessionListener*;
            OHOS::Rosen::SceneSessionManager::SetRequestVsyncByRootSceneWhenModeChangeFunc*;
            OHOS::Rosen::SceneSessionManager::SetRootSceneContext*;
            OHOS::Rosen::SceneSessionManager::SetRootSceneProcessBackEventFunc*;
            OHOS::Rosen::SceneSessionManager::SetSCBFocusChangeListener*;
            OHOS::Rosen::SceneSessionManager::SetSCBFocusedListener*;
            OHOS::Rosen::SceneSessionManager::SetSCBUnfocusedListener*;
            OHOS::Rosen::SceneSessionManager::SetScreenLocked*;
            OHOS::Rosen::SceneSessionManager::SetShiftFocusListener*;
            OHOS::Rosen::SceneSessionManager::SetSpecificWindowZIndexListener*;
            OHOS::Rosen::SceneSessionManager::SetStartPiPFailedListener*;
            OHOS::Rosen::SceneSessionManager::SetStartUIAbilityErrorListener*;
            OHOS::Rosen::SceneSessionManager::SetStatusBarAvoidHeight*;
            OHOS::Rosen::SceneSessionManager::SetStatusBarDefaultVisibilityPerDisplay*;
            OHOS::Rosen::SceneSessionManager::SetStatusBarEnabledChangeListener*;
            OHOS::Rosen::SceneSessionManager::SetSupportRotationRegisteredListener*;
            OHOS::Rosen::SceneSessionManager::SetSystemAnimatedScenes*;
            OHOS::Rosen::SceneSessionManager::SetTrayAppList*;
            OHOS::Rosen::SceneSessionManager::SetUserAuthPassed*;
            OHOS::Rosen::SceneSessionManager::SetVirtualPixelRatioChangeListener*;
            OHOS::Rosen::SceneSessionManager::SetVmaCacheStatus*;
            OHOS::Rosen::SceneSessionManager::SetWindowFlags*;
            OHOS::Rosen::SceneSessionManager::StartAbilityBySpecified*;
            OHOS::Rosen::SceneSessionManager::StartUIAbilityBySCB*;
            OHOS::Rosen::SceneSessionManager::SwitchFreeMultiWindow*;
            OHOS::Rosen::SceneSessionManager::UnregisterSpecificSessionCreateListener*;
            OHOS::Rosen::SceneSessionManager::UpdateAllStartingWindowRdb*;
            OHOS::Rosen::SceneSessionManager::UpdateAppBoundSystemTrayStatus*;
            OHOS::Rosen::SceneSessionManager::UpdateAppHookDisplayInfo*;
            OHOS::Rosen::SceneSessionManager::UpdateAppHookWindowInfo*;
            OHOS::Rosen::SceneSessionManager::UpdateDisplayHookInfo*;
            OHOS::Rosen::SceneSessionManager::UpdateMaximizeMode*;
            OHOS::Rosen::SceneSessionManager::UpdatePrivateStateAndNotify*;
            OHOS::Rosen::SceneSessionManager::UpdateRecentMainSessionInfos*;
            OHOS::Rosen::SceneSessionManager::UpdateRecoveredSessionInfo*;
            OHOS::Rosen::SceneSessionManager::UpdateRootSceneAvoidArea*;
            OHOS::Rosen::SceneSessionManager::UpdateRotateAnimationConfig*;
            OHOS::Rosen::SceneSessionManager::UpdateRsCmdBlockingCount*;
            OHOS::Rosen::SceneSessionManager::UpdateSceneSessionWant*;
            OHOS::Rosen::SceneSessionManager::UpdateScreenLockState*;
            OHOS::Rosen::SceneSessionManager::UpdateSessionDisplayId*;
            OHOS::Rosen::SceneSessionManager::UpdateTitleInTargetPos*;
            OHOS::Rosen::SceneSessionManager::UpdateWindowMode*;
            OHOS::Rosen::SceneSessionManager::VisitSnapshotFromCache*;
            OHOS::Rosen::SceneSessionManagerLite::GetInstance*;
            OHOS::Rosen::SessionLifecycleListenerStub::OnRemoteRequest*;
            OHOS::Rosen::SessionRouterStackListenerStub::OnRemoteRequest*;
            OHOS::Rosen::UIEffectManager::GetInstance*;
            OHOS::Rosen::UIEffectManager::RegisterUIEffectAnimateToCallback*;
            OHOS::Rosen::UIEffectManager::RegisterUIEffectSetParamsCallback*;
            OHOS::Rosen::UIEffectManager::SetUIEffectControllerAliveState*;
            OHOS::Rosen::UIEffectParams::ConvertToJsValue*;

            VTT*OHOS::Rosen::SessionLifecycleListenerStub*;
            VTT*OHOS::Rosen::SessionRouterStackListenerStub*;
        };
    local:
    *;
};