# Copyright (c) 2026 Huawei Device Co., Ltd.
# Licensed under the Apache License, Version 2.0 (the "License");
# you may not use this file except in compliance with the License.
# You may obtain a copy of the License at
#
#     http://www.apache.org/licenses/LICENSE-2.0
#
# Unless required by applicable law or agreed to in writing, software
# distributed under the License is distributed on an "AS IS" BASIS,
# WITHOUT WARRANTIES OR CONDITIONS OF ANY KIND, either express or implied.
# See the License for the specific language governing permissions and
# limitations under the License.

{
    global:
        extern "C++" {
            non-virtual?thunk?to?OHOS::Rosen::ScreenSessionManager::AddVirtualScreenBlockList*;
            non-virtual?thunk?to?OHOS::Rosen::ScreenSessionManager::AddVirtualScreenWhiteList*;
            non-virtual?thunk?to?OHOS::Rosen::ScreenSessionManager::ConvertScreenIdToRsScreenId*;
            non-virtual?thunk?to?OHOS::Rosen::ScreenSessionManager::CreateVirtualScreen*;
            non-virtual?thunk?to?OHOS::Rosen::ScreenSessionManager::DestroyVirtualScreen*;
            non-virtual?thunk?to?OHOS::Rosen::ScreenSessionManager::DisableMirror*;
            non-virtual?thunk?to?OHOS::Rosen::ScreenSessionManager::DisablePowerOffRenderControl*;
            non-virtual?thunk?to?OHOS::Rosen::ScreenSessionManager::Dump*;
            non-virtual?thunk?to?OHOS::Rosen::ScreenSessionManager::DumpAllScreensInfo*;
            non-virtual?thunk?to?OHOS::Rosen::ScreenSessionManager::DumpSpecialScreenInfo*;
            non-virtual?thunk?to?OHOS::Rosen::ScreenSessionManager::ForceSetFoldStatusAndLock*;
            non-virtual?thunk?to?OHOS::Rosen::ScreenSessionManager::GetAllDisplayIds*;
            non-virtual?thunk?to?OHOS::Rosen::ScreenSessionManager::GetAllDisplayPhysicalResolution*;
            non-virtual?thunk?to?OHOS::Rosen::ScreenSessionManager::GetAllScreenInfos*;
            non-virtual?thunk?to?OHOS::Rosen::ScreenSessionManager::GetAvailableArea*;
            non-virtual?thunk?to?OHOS::Rosen::ScreenSessionManager::GetBrightnessInfo*;
            non-virtual?thunk?to?OHOS::Rosen::ScreenSessionManager::GetBundleName*;
            non-virtual?thunk?to?OHOS::Rosen::ScreenSessionManager::GetCurrentFoldCreaseRegion*;
            non-virtual?thunk?to?OHOS::Rosen::ScreenSessionManager::GetCurvedCompressionArea*;
            non-virtual?thunk?to?OHOS::Rosen::ScreenSessionManager::GetCutoutInfo*;
            non-virtual?thunk?to?OHOS::Rosen::ScreenSessionManager::GetDefaultDisplayInfo*;
            non-virtual?thunk?to?OHOS::Rosen::ScreenSessionManager::GetDensityInCurResolution*;
            non-virtual?thunk?to?OHOS::Rosen::ScreenSessionManager::GetDeviceScreenConfig*;
            non-virtual?thunk?to?OHOS::Rosen::ScreenSessionManager::GetDisplayCapability*;
            non-virtual?thunk?to?OHOS::Rosen::ScreenSessionManager::GetDisplayHDRSnapshot*;
            non-virtual?thunk?to?OHOS::Rosen::ScreenSessionManager::GetDisplayHDRSnapshotWithOption*;
            non-virtual?thunk?to?OHOS::Rosen::ScreenSessionManager::GetDisplayHookInfo*;
            non-virtual?thunk?to?OHOS::Rosen::ScreenSessionManager::GetDisplayInfoById*;
            non-virtual?thunk?to?OHOS::Rosen::ScreenSessionManager::GetDisplayInfoByScreen*;
            non-virtual?thunk?to?OHOS::Rosen::ScreenSessionManager::GetDisplayNode*;
            non-virtual?thunk?to?OHOS::Rosen::ScreenSessionManager::GetDisplaySnapshot*;
            non-virtual?thunk?to?OHOS::Rosen::ScreenSessionManager::GetDisplaySnapshotWithOption*;
            non-virtual?thunk?to?OHOS::Rosen::ScreenSessionManager::GetDisplayState*;
            non-virtual?thunk?to?OHOS::Rosen::ScreenSessionManager::GetExpandAvailableArea*;
            non-virtual?thunk?to?OHOS::Rosen::ScreenSessionManager::GetExtendScreenConnectStatus*;
            non-virtual?thunk?to?OHOS::Rosen::ScreenSessionManager::GetFoldDisplayMode*;
            non-virtual?thunk?to?OHOS::Rosen::ScreenSessionManager::GetFoldStatus*;
            non-virtual?thunk?to?OHOS::Rosen::ScreenSessionManager::GetInternalScreenId*;
            non-virtual?thunk?to?OHOS::Rosen::ScreenSessionManager::GetIsRealScreen*;
            non-virtual?thunk?to?OHOS::Rosen::ScreenSessionManager::GetKeyboardState*;
            non-virtual?thunk?to?OHOS::Rosen::ScreenSessionManager::GetLiveCreaseRegion*;
            non-virtual?thunk?to?OHOS::Rosen::ScreenSessionManager::GetPhyScreenProperty*;
            non-virtual?thunk?to?OHOS::Rosen::ScreenSessionManager::GetPhysicalScreenIds*;
            non-virtual?thunk?to?OHOS::Rosen::ScreenSessionManager::GetPixelFormat*;
            non-virtual?thunk?to?OHOS::Rosen::ScreenSessionManager::GetPrimaryDisplayId*;
            non-virtual?thunk?to?OHOS::Rosen::ScreenSessionManager::GetPrimaryDisplayInfo*;
            non-virtual?thunk?to?OHOS::Rosen::ScreenSessionManager::GetRotationAndOrientationMap*;
            non-virtual?thunk?to?OHOS::Rosen::ScreenSessionManager::GetRoundedCorner*;
            non-virtual?thunk?to?OHOS::Rosen::ScreenSessionManager::GetScreenAreaOfDisplayArea*;
            non-virtual?thunk?to?OHOS::Rosen::ScreenSessionManager::GetScreenBrightness*;
            non-virtual?thunk?to?OHOS::Rosen::ScreenSessionManager::GetScreenCapture*;
            non-virtual?thunk?to?OHOS::Rosen::ScreenSessionManager::GetScreenColorGamut*;
            non-virtual?thunk?to?OHOS::Rosen::ScreenSessionManager::GetScreenColorSpace*;
            non-virtual?thunk?to?OHOS::Rosen::ScreenSessionManager::GetScreenCombination*;
            non-virtual?thunk?to?OHOS::Rosen::ScreenSessionManager::GetScreenGamutMap*;
            non-virtual?thunk?to?OHOS::Rosen::ScreenSessionManager::GetScreenGroupInfoById*;
            non-virtual?thunk?to?OHOS::Rosen::ScreenSessionManager::GetScreenHDRFormat*;
            non-virtual?thunk?to?OHOS::Rosen::ScreenSessionManager::GetScreenInfoById*;
            non-virtual?thunk?to?OHOS::Rosen::ScreenSessionManager::GetScreenPower*;
            non-virtual?thunk?to?OHOS::Rosen::ScreenSessionManager::GetScreenProperty*;
            non-virtual?thunk?to?OHOS::Rosen::ScreenSessionManager::GetScreenSupportedColorGamuts*;
            non-virtual?thunk?to?OHOS::Rosen::ScreenSessionManager::GetSnapshotByPicker*;
            non-virtual?thunk?to?OHOS::Rosen::ScreenSessionManager::GetSuperFoldStatus*;
            non-virtual?thunk?to?OHOS::Rosen::ScreenSessionManager::GetSuperRotation*;
            non-virtual?thunk?to?OHOS::Rosen::ScreenSessionManager::GetSupportedColorSpaces*;
            non-virtual?thunk?to?OHOS::Rosen::ScreenSessionManager::GetSupportedHDRFormats*;
            non-virtual?thunk?to?OHOS::Rosen::ScreenSessionManager::GetSupportsInput*;
            non-virtual?thunk?to?OHOS::Rosen::ScreenSessionManager::GetVirtualScreenFlag*;
            non-virtual?thunk?to?OHOS::Rosen::ScreenSessionManager::GetVisibleAreaDisplayInfoById*;
            non-virtual?thunk?to?OHOS::Rosen::ScreenSessionManager::HasImmersiveWindow*;
            non-virtual?thunk?to?OHOS::Rosen::ScreenSessionManager::HasPrivateWindow*;
            non-virtual?thunk?to?OHOS::Rosen::ScreenSessionManager::IsCaptured*;
            non-virtual?thunk?to?OHOS::Rosen::ScreenSessionManager::IsFoldable*;
            non-virtual?thunk?to?OHOS::Rosen::ScreenSessionManager::IsOnboardDisplay*;
            non-virtual?thunk?to?OHOS::Rosen::ScreenSessionManager::IsScreenRotationLocked*;
            non-virtual?thunk?to?OHOS::Rosen::ScreenSessionManager::MakeExpand*;
            non-virtual?thunk?to?OHOS::Rosen::ScreenSessionManager::MakeMirror*;
            non-virtual?thunk?to?OHOS::Rosen::ScreenSessionManager::MakeMirrorForRecord*;
            non-virtual?thunk?to?OHOS::Rosen::ScreenSessionManager::MakeUniqueScreen*;
            non-virtual?thunk?to?OHOS::Rosen::ScreenSessionManager::NotifyAodOpCompletion*;
            non-virtual?thunk?to?OHOS::Rosen::ScreenSessionManager::NotifyDisplayChangeInfoChanged*;
            non-virtual?thunk?to?OHOS::Rosen::ScreenSessionManager::NotifyDisplayEvent*;
            non-virtual?thunk?to?OHOS::Rosen::ScreenSessionManager::NotifyExtendScreenCreateFinish*;
            non-virtual?thunk?to?OHOS::Rosen::ScreenSessionManager::NotifyExtendScreenDestroyFinish*;
            non-virtual?thunk?to?OHOS::Rosen::ScreenSessionManager::NotifyFoldToExpandCompletion*;
            non-virtual?thunk?to?OHOS::Rosen::ScreenSessionManager::NotifyIsFullScreenInForceSplitMode*;
            non-virtual?thunk?to?OHOS::Rosen::ScreenSessionManager::NotifyScreenConnectCompletion*;
            non-virtual?thunk?to?OHOS::Rosen::ScreenSessionManager::NotifyScreenMaskAppear*;
            non-virtual?thunk?to?OHOS::Rosen::ScreenSessionManager::NotifySwitchUserAnimationFinish*;
            non-virtual?thunk?to?OHOS::Rosen::ScreenSessionManager::OnBeforeScreenPropertyChange*;
            non-virtual?thunk?to?OHOS::Rosen::ScreenSessionManager::OnCameraBackSelfieChange*;
            non-virtual?thunk?to?OHOS::Rosen::ScreenSessionManager::OnExtendScreenConnectStatusChange*;
            non-virtual?thunk?to?OHOS::Rosen::ScreenSessionManager::OnFoldPropertyChange*;
            non-virtual?thunk?to?OHOS::Rosen::ScreenSessionManager::OnHoverStatusChange*;
            non-virtual?thunk?to?OHOS::Rosen::ScreenSessionManager::OnPowerStatusChange*;
            non-virtual?thunk?to?OHOS::Rosen::ScreenSessionManager::OnPropertyChange*;
            non-virtual?thunk?to?OHOS::Rosen::ScreenSessionManager::OnScreenCaptureNotify*;
            non-virtual?thunk?to?OHOS::Rosen::ScreenSessionManager::OnScreenExtendChange*;
            non-virtual?thunk?to?OHOS::Rosen::ScreenSessionManager::OnScreenModeChange*;
            non-virtual?thunk?to?OHOS::Rosen::ScreenSessionManager::OnScreenOrientationChange*;
            non-virtual?thunk?to?OHOS::Rosen::ScreenSessionManager::OnScreenRotationLockedChange*;
            non-virtual?thunk?to?OHOS::Rosen::ScreenSessionManager::OnSecondaryReflexionChange*;
            non-virtual?thunk?to?OHOS::Rosen::ScreenSessionManager::OnSensorRotationChange*;
            non-virtual?thunk?to?OHOS::Rosen::ScreenSessionManager::OnSuperFoldStatusChange*;
            non-virtual?thunk?to?OHOS::Rosen::ScreenSessionManager::ProxyForFreeze*;
            non-virtual?thunk?to?OHOS::Rosen::ScreenSessionManager::QueryMutiScreenCapture*;
            non-virtual?thunk?to?OHOS::Rosen::ScreenSessionManager::RecordEventFromScb*;
            non-virtual?thunk?to?OHOS::Rosen::ScreenSessionManager::RegisterClientDeathListener*;
            non-virtual?thunk?to?OHOS::Rosen::ScreenSessionManager::RegisterClientDeathListener*;
            non-virtual?thunk?to?OHOS::Rosen::ScreenSessionManager::RegisterDisplayAttributeAgent*;
            non-virtual?thunk?to?OHOS::Rosen::ScreenSessionManager::RegisterDisplayManagerAgent*;
            non-virtual?thunk?to?OHOS::Rosen::ScreenSessionManager::RemoveVirtualScreenBlockList*;
            non-virtual?thunk?to?OHOS::Rosen::ScreenSessionManager::RemoveVirtualScreenFromGroup*;
            non-virtual?thunk?to?OHOS::Rosen::ScreenSessionManager::RemoveVirtualScreenWhiteList*;
            non-virtual?thunk?to?OHOS::Rosen::ScreenSessionManager::ResetAllFreezeStatus*;
            non-virtual?thunk?to?OHOS::Rosen::ScreenSessionManager::ResizeVirtualScreen*;
            non-virtual?thunk?to?OHOS::Rosen::ScreenSessionManager::RestorePhysicalFoldStatus*;
            non-virtual?thunk?to?OHOS::Rosen::ScreenSessionManager::SetCameraStatus*;
            non-virtual?thunk?to?OHOS::Rosen::ScreenSessionManager::SetClient*;
            non-virtual?thunk?to?OHOS::Rosen::ScreenSessionManager::SetDefaultDensityDpi*;
            non-virtual?thunk?to?OHOS::Rosen::ScreenSessionManager::SetDefaultMultiScreenModeWhenSwitchUser*;
            non-virtual?thunk?to?OHOS::Rosen::ScreenSessionManager::SetDisplayScale*;
            non-virtual?thunk?to?OHOS::Rosen::ScreenSessionManager::SetDisplayState*;
            non-virtual?thunk?to?OHOS::Rosen::ScreenSessionManager::SetFoldDisplayMode*;
            non-virtual?thunk?to?OHOS::Rosen::ScreenSessionManager::SetFoldDisplayModeFromJs*;
            non-virtual?thunk?to?OHOS::Rosen::ScreenSessionManager::SetFoldStatusExpandAndLocked*;
            non-virtual?thunk?to?OHOS::Rosen::ScreenSessionManager::SetFoldStatusLocked*;
            non-virtual?thunk?to?OHOS::Rosen::ScreenSessionManager::SetFoldStatusLockedFromJs*;
            non-virtual?thunk?to?OHOS::Rosen::ScreenSessionManager::SetForceCloseHdr*;
            non-virtual?thunk?to?OHOS::Rosen::ScreenSessionManager::SetLandscapeLockStatus*;
            non-virtual?thunk?to?OHOS::Rosen::ScreenSessionManager::SetMultiScreenMode*;
            non-virtual?thunk?to?OHOS::Rosen::ScreenSessionManager::SetMultiScreenRelativePosition*;
            non-virtual?thunk?to?OHOS::Rosen::ScreenSessionManager::SetOrientation*;
            non-virtual?thunk?to?OHOS::Rosen::ScreenSessionManager::SetPixelFormat*;
            non-virtual?thunk?to?OHOS::Rosen::ScreenSessionManager::SetPowerStateForAod*;
            non-virtual?thunk?to?OHOS::Rosen::ScreenSessionManager::SetPrimaryDisplaySystemDpi*;
            non-virtual?thunk?to?OHOS::Rosen::ScreenSessionManager::SetPrivacyStateByDisplayId*;
            non-virtual?thunk?to?OHOS::Rosen::ScreenSessionManager::SetResolution*;
            non-virtual?thunk?to?OHOS::Rosen::ScreenSessionManager::SetScreenActiveMode*;
            non-virtual?thunk?to?OHOS::Rosen::ScreenSessionManager::SetScreenBrightness*;
            non-virtual?thunk?to?OHOS::Rosen::ScreenSessionManager::SetScreenColorGamut*;
            non-virtual?thunk?to?OHOS::Rosen::ScreenSessionManager::SetScreenColorSpace*;
            non-virtual?thunk?to?OHOS::Rosen::ScreenSessionManager::SetScreenColorTransform*;
            non-virtual?thunk?to?OHOS::Rosen::ScreenSessionManager::SetScreenGamutMap*;
            non-virtual?thunk?to?OHOS::Rosen::ScreenSessionManager::SetScreenHDRFormat*;
            non-virtual?thunk?to?OHOS::Rosen::ScreenSessionManager::SetScreenOffDelayTime*;
            non-virtual?thunk?to?OHOS::Rosen::ScreenSessionManager::SetScreenOnDelayTime*;
            non-virtual?thunk?to?OHOS::Rosen::ScreenSessionManager::SetScreenPowerById*;
            non-virtual?thunk?to?OHOS::Rosen::ScreenSessionManager::SetScreenPowerForAll*;
            non-virtual?thunk?to?OHOS::Rosen::ScreenSessionManager::SetScreenPrivacyMaskImage*;
            non-virtual?thunk?to?OHOS::Rosen::ScreenSessionManager::SetScreenPrivacyState*;
            non-virtual?thunk?to?OHOS::Rosen::ScreenSessionManager::SetScreenPrivacyWindowList*;
            non-virtual?thunk?to?OHOS::Rosen::ScreenSessionManager::SetScreenPrivacyWindowTagSwitch*;
            non-virtual?thunk?to?OHOS::Rosen::ScreenSessionManager::SetScreenRotationLocked*;
            non-virtual?thunk?to?OHOS::Rosen::ScreenSessionManager::SetScreenRotationLockedFromJs*;
            non-virtual?thunk?to?OHOS::Rosen::ScreenSessionManager::SetScreenSkipProtectedWindow*;
            non-virtual?thunk?to?OHOS::Rosen::ScreenSessionManager::SetSpecifiedScreenPower*;
            non-virtual?thunk?to?OHOS::Rosen::ScreenSessionManager::SetSupportsInput*;
            non-virtual?thunk?to?OHOS::Rosen::ScreenSessionManager::SetSystemKeyboardStatus*;
            non-virtual?thunk?to?OHOS::Rosen::ScreenSessionManager::SetVirtualDisplayMuteFlag*;
            non-virtual?thunk?to?OHOS::Rosen::ScreenSessionManager::SetVirtualMirrorScreenCanvasRotation*;
            non-virtual?thunk?to?OHOS::Rosen::ScreenSessionManager::SetVirtualMirrorScreenScaleMode*;
            non-virtual?thunk?to?OHOS::Rosen::ScreenSessionManager::SetVirtualPixelRatio*;
            non-virtual?thunk?to?OHOS::Rosen::ScreenSessionManager::SetVirtualPixelRatioSystem*;
            non-virtual?thunk?to?OHOS::Rosen::ScreenSessionManager::SetVirtualScreenAutoRotation*;
            non-virtual?thunk?to?OHOS::Rosen::ScreenSessionManager::SetVirtualScreenBlackList*;
            non-virtual?thunk?to?OHOS::Rosen::ScreenSessionManager::SetVirtualScreenFlag*;
            non-virtual?thunk?to?OHOS::Rosen::ScreenSessionManager::SetVirtualScreenMaxRefreshRate*;
            non-virtual?thunk?to?OHOS::Rosen::ScreenSessionManager::SetVirtualScreenRefreshRate*;
            non-virtual?thunk?to?OHOS::Rosen::ScreenSessionManager::SetVirtualScreenSecurityExemption*;
            non-virtual?thunk?to?OHOS::Rosen::ScreenSessionManager::SetVirtualScreenStatus*;
            non-virtual?thunk?to?OHOS::Rosen::ScreenSessionManager::SetVirtualScreenSurface*;
            non-virtual?thunk?to?OHOS::Rosen::ScreenSessionManager::StopExpand*;
            non-virtual?thunk?to?OHOS::Rosen::ScreenSessionManager::StopMirror*;
            non-virtual?thunk?to?OHOS::Rosen::ScreenSessionManager::SuspendBegin*;
            non-virtual?thunk?to?OHOS::Rosen::ScreenSessionManager::SuspendEnd*;
            non-virtual?thunk?to?OHOS::Rosen::ScreenSessionManager::SwitchUser*;
            non-virtual?thunk?to?OHOS::Rosen::ScreenSessionManager::SynchronizePowerStatus*;
            non-virtual?thunk?to?OHOS::Rosen::ScreenSessionManager::SyncScreenPowerState*;
            non-virtual?thunk?to?OHOS::Rosen::ScreenSessionManager::SyncScreenPropertyChangedToServer*;
            non-virtual?thunk?to?OHOS::Rosen::ScreenSessionManager::TryToCancelScreenOff*;
            non-virtual?thunk?to?OHOS::Rosen::ScreenSessionManager::UnRegisterDisplayAttribute*;
            non-virtual?thunk?to?OHOS::Rosen::ScreenSessionManager::UnregisterDisplayManagerAgent*;
            non-virtual?thunk?to?OHOS::Rosen::ScreenSessionManager::UpdateAvailableArea*;
            non-virtual?thunk?to?OHOS::Rosen::ScreenSessionManager::UpdateDisplayHookInfo*;
            non-virtual?thunk?to?OHOS::Rosen::ScreenSessionManager::UpdateScreenDirectionInfo*;
            non-virtual?thunk?to?OHOS::Rosen::ScreenSessionManager::UpdateScreenRotationProperty*;
            non-virtual?thunk?to?OHOS::Rosen::ScreenSessionManager::UpdateSuperFoldAvailableArea*;
            non-virtual?thunk?to?OHOS::Rosen::ScreenSessionManager::UpdateSuperFoldExpandAvailableArea*;
            non-virtual?thunk?to?OHOS::Rosen::ScreenSessionManager::WakeUpBegin*;
            non-virtual?thunk?to?OHOS::Rosen::ScreenSessionManager::WakeUpEnd*;
            
            OHOS::Rosen::GetEdid*;
            OHOS::Rosen::ScreenSessionManager::AdaptSuperHorizonalBoot*;
            OHOS::Rosen::ScreenSessionManager::AddVirtualScreenBlockList*;
            OHOS::Rosen::ScreenSessionManager::AddVirtualScreenWhiteList*;
            OHOS::Rosen::ScreenSessionManager::ConvertEdidToString*;
            OHOS::Rosen::ScreenSessionManager::ConvertScreenIdToRsScreenId*;
            OHOS::Rosen::ScreenSessionManager::CreateVirtualScreen*;
            OHOS::Rosen::ScreenSessionManager::DestroyExtendVirtualScreen*;
            OHOS::Rosen::ScreenSessionManager::DestroyVirtualScreen*;
            OHOS::Rosen::ScreenSessionManager::DisableMirror*;
            OHOS::Rosen::ScreenSessionManager::DisablePowerOffRenderControl*;
            OHOS::Rosen::ScreenSessionManager::Dump*;
            OHOS::Rosen::ScreenSessionManager::DumpAllScreensInfo*;
            OHOS::Rosen::ScreenSessionManager::DumpSpecialScreenInfo*;
            OHOS::Rosen::ScreenSessionManager::ForceSetFoldStatusAndLock*;
            OHOS::Rosen::ScreenSessionManager::FreeDisplayMirrorNodeInner*;
            OHOS::Rosen::ScreenSessionManager::GetAllDisplayIds*;
            OHOS::Rosen::ScreenSessionManager::GetAllDisplayPhysicalResolution*;
            OHOS::Rosen::ScreenSessionManager::GetAllScreenInfos*;
            OHOS::Rosen::ScreenSessionManager::GetAndMergeEdidInfo*;
            OHOS::Rosen::ScreenSessionManager::GetAvailableArea*;
            OHOS::Rosen::ScreenSessionManager::GetBrightnessInfo*;
            OHOS::Rosen::ScreenSessionManager::GetBundleName*;
            OHOS::Rosen::ScreenSessionManager::GetClientProxy*;
            OHOS::Rosen::ScreenSessionManager::GetCurrentFoldCreaseRegion*;
            OHOS::Rosen::ScreenSessionManager::GetCurvedCompressionArea*;
            OHOS::Rosen::ScreenSessionManager::GetCutoutInfo*;
            OHOS::Rosen::ScreenSessionManager::GetDefaultDisplayInfo*;
            OHOS::Rosen::ScreenSessionManager::GetDensityInCurResolution*;
            OHOS::Rosen::ScreenSessionManager::GetDeviceScreenConfig*;
            OHOS::Rosen::ScreenSessionManager::GetDisplayCapability*;
            OHOS::Rosen::ScreenSessionManager::GetDisplayHDRSnapshot*;
            OHOS::Rosen::ScreenSessionManager::GetDisplayHDRSnapshotWithOption*;
            OHOS::Rosen::ScreenSessionManager::GetDisplayHookInfo*;
            OHOS::Rosen::ScreenSessionManager::GetDisplayInfoById*;
            OHOS::Rosen::ScreenSessionManager::GetDisplayInfoByScreen*;
            OHOS::Rosen::ScreenSessionManager::GetDisplayNode*;
            OHOS::Rosen::ScreenSessionManager::GetDisplaySnapshot*;
            OHOS::Rosen::ScreenSessionManager::GetDisplaySnapshotWithOption*;
            OHOS::Rosen::ScreenSessionManager::GetDisplayState*;
            OHOS::Rosen::ScreenSessionManager::GetExpandAvailableArea*;
            OHOS::Rosen::ScreenSessionManager::GetExtendScreenConnectStatus*;
            OHOS::Rosen::ScreenSessionManager::GetFoldDisplayMode*;
            OHOS::Rosen::ScreenSessionManager::GetFoldStatus*;
            OHOS::Rosen::ScreenSessionManager::GetInternalScreenId*;
            OHOS::Rosen::ScreenSessionManager::GetInternalScreenSession*;
            OHOS::Rosen::ScreenSessionManager::GetIsRealScreen*;
            OHOS::Rosen::ScreenSessionManager::GetKeyboardState*;
            OHOS::Rosen::ScreenSessionManager::GetLiveCreaseRegion*;
            OHOS::Rosen::ScreenSessionManager::GetOrCreatePhysicalScreenSession*;
            OHOS::Rosen::ScreenSessionManager::GetOrCreateScreenSession*;
            OHOS::Rosen::ScreenSessionManager::GetPcStatus*;
            OHOS::Rosen::ScreenSessionManager::GetPhyScreenProperty*;
            OHOS::Rosen::ScreenSessionManager::GetPhysicalScreenIds*;
            OHOS::Rosen::ScreenSessionManager::GetPhysicalScreenSession*;
            OHOS::Rosen::ScreenSessionManager::GetPixelFormat*;
            OHOS::Rosen::ScreenSessionManager::GetPrimaryDisplayId*;
            OHOS::Rosen::ScreenSessionManager::GetPrimaryDisplayInfo*;
            OHOS::Rosen::ScreenSessionManager::GetRotationAndOrientationMap*;
            OHOS::Rosen::ScreenSessionManager::GetRoundedCorner*;
            OHOS::Rosen::ScreenSessionManager::GetScreenAreaOfDisplayArea*;
            OHOS::Rosen::ScreenSessionManager::GetScreenBrightness*;
            OHOS::Rosen::ScreenSessionManager::GetScreenCapture*;
            OHOS::Rosen::ScreenSessionManager::GetScreenColorGamut*;
            OHOS::Rosen::ScreenSessionManager::GetScreenColorSpace*;
            OHOS::Rosen::ScreenSessionManager::GetScreenCombination*;
            OHOS::Rosen::ScreenSessionManager::GetScreenGamutMap*;
            OHOS::Rosen::ScreenSessionManager::GetScreenGroupInfoById*;
            OHOS::Rosen::ScreenSessionManager::GetScreenHDRFormat*;
            OHOS::Rosen::ScreenSessionManager::GetScreenInfoById*;
            OHOS::Rosen::ScreenSessionManager::GetScreenPower*;
            OHOS::Rosen::ScreenSessionManager::GetScreenProperty*;
            OHOS::Rosen::ScreenSessionManager::GetScreenSupportedColorGamuts*;
            OHOS::Rosen::ScreenSessionManager::GetSessionOption*;
            OHOS::Rosen::ScreenSessionManager::GetSnapshotByPicker*;
            OHOS::Rosen::ScreenSessionManager::GetSuperFoldStatus*;
            OHOS::Rosen::ScreenSessionManager::GetSuperRotation*;
            OHOS::Rosen::ScreenSessionManager::GetSupportedColorSpaces*;
            OHOS::Rosen::ScreenSessionManager::GetSupportedHDRFormats*;
            OHOS::Rosen::ScreenSessionManager::GetSupportsInput*;
            OHOS::Rosen::ScreenSessionManager::GetVirtualScreenFlag*;
            OHOS::Rosen::ScreenSessionManager::GetVirtualScreenUser*;
            OHOS::Rosen::ScreenSessionManager::GetVisibleAreaDisplayInfoById*;
            OHOS::Rosen::ScreenSessionManager::HandleDefaultMultiScreenMode*;
            OHOS::Rosen::ScreenSessionManager::HandleScreenConnectEvent*;
            OHOS::Rosen::ScreenSessionManager::HandleScreenDisconnectEvent*;
            OHOS::Rosen::ScreenSessionManager::HasImmersiveWindow*;
            OHOS::Rosen::ScreenSessionManager::HasPrivateWindow*;
            OHOS::Rosen::ScreenSessionManager::IsCaptured*;
            OHOS::Rosen::ScreenSessionManager::IsConcurrentUser*;
            OHOS::Rosen::ScreenSessionManager::IsFoldable*;
            OHOS::Rosen::ScreenSessionManager::IsNeedAddInputServiceAbility*;
            OHOS::Rosen::ScreenSessionManager::IsOnboardDisplay*;
            OHOS::Rosen::ScreenSessionManager::IsScreenRotationLocked*;
            OHOS::Rosen::ScreenSessionManager::MakeExpand*;
            OHOS::Rosen::ScreenSessionManager::MakeMirror*;
            OHOS::Rosen::ScreenSessionManager::MakeMirrorForRecord*;
            OHOS::Rosen::ScreenSessionManager::MakeUniqueScreen*;
            OHOS::Rosen::ScreenSessionManager::NotifyAodOpCompletion*;
            OHOS::Rosen::ScreenSessionManager::NotifyCaptureStatusChangedGlobal*;
            OHOS::Rosen::ScreenSessionManager::NotifyDisplayChangeInfoChanged*;
            OHOS::Rosen::ScreenSessionManager::NotifyDisplayEvent*;
            OHOS::Rosen::ScreenSessionManager::NotifyExtendScreenCreateFinish*;
            OHOS::Rosen::ScreenSessionManager::NotifyExtendScreenDestroyFinish*;
            OHOS::Rosen::ScreenSessionManager::NotifyFoldToExpandCompletion*;
            OHOS::Rosen::ScreenSessionManager::NotifyIsFullScreenInForceSplitMode*;
            OHOS::Rosen::ScreenSessionManager::NotifyScreenConnectCompletion*;
            OHOS::Rosen::ScreenSessionManager::NotifyScreenMaskAppear*;
            OHOS::Rosen::ScreenSessionManager::NotifyScreenModeChange*;
            OHOS::Rosen::ScreenSessionManager::NotifySwitchUserAnimationFinish*;
            OHOS::Rosen::ScreenSessionManager::NotifyUserClientProxy*;
            OHOS::Rosen::ScreenSessionManager::OnAddSystemAbility*;
            OHOS::Rosen::ScreenSessionManager::OnBeforeScreenPropertyChange*;
            OHOS::Rosen::ScreenSessionManager::OnCameraBackSelfieChange*;
            OHOS::Rosen::ScreenSessionManager::OnExtendScreenConnectStatusChange*;
            OHOS::Rosen::ScreenSessionManager::OnFoldPropertyChange*;
            OHOS::Rosen::ScreenSessionManager::OnFoldScreenChange*;
            OHOS::Rosen::ScreenSessionManager::OnHoverStatusChange*;
            OHOS::Rosen::ScreenSessionManager::OnPowerStatusChange*;
            OHOS::Rosen::ScreenSessionManager::OnPropertyChange*;
            OHOS::Rosen::ScreenSessionManager::OnScreenCaptureNotify*;
            OHOS::Rosen::ScreenSessionManager::OnScreenChangeDefault*;
            OHOS::Rosen::ScreenSessionManager::OnScreenExtendChange*;
            OHOS::Rosen::ScreenSessionManager::OnScreenModeChange*;
            OHOS::Rosen::ScreenSessionManager::OnScreenOrientationChange*;
            OHOS::Rosen::ScreenSessionManager::OnScreenRotationLockedChange*;
            OHOS::Rosen::ScreenSessionManager::OnSecondaryReflexionChange*;
            OHOS::Rosen::ScreenSessionManager::OnSensorRotationChange*;
            OHOS::Rosen::ScreenSessionManager::OnStart*;
            OHOS::Rosen::ScreenSessionManager::OnSuperFoldStatusChange*;
            OHOS::Rosen::ScreenSessionManager::ProxyForFreeze*;
            OHOS::Rosen::ScreenSessionManager::QueryMutiScreenCapture*;
            OHOS::Rosen::ScreenSessionManager::RecordEventFromScb*;
            OHOS::Rosen::ScreenSessionManager::RecoverRestoredMultiScreenMode*;
            OHOS::Rosen::ScreenSessionManager::RegisterClientDeathListener*;
            OHOS::Rosen::ScreenSessionManager::RegisterDisplayAttributeAgent*;
            OHOS::Rosen::ScreenSessionManager::RegisterDisplayManagerAgent*;
            OHOS::Rosen::ScreenSessionManager::RemoveVirtualScreenBlockList*;
            OHOS::Rosen::ScreenSessionManager::RemoveVirtualScreenFromGroup*;
            OHOS::Rosen::ScreenSessionManager::RemoveVirtualScreenWhiteList*;
            OHOS::Rosen::ScreenSessionManager::ResetAllFreezeStatus*;
            OHOS::Rosen::ScreenSessionManager::ResizeVirtualScreen*;
            OHOS::Rosen::ScreenSessionManager::RestorePhysicalFoldStatus*;
            OHOS::Rosen::ScreenSessionManager::ScreenConnectionChanged*;
            OHOS::Rosen::ScreenSessionManager::ScreenSessionManager*;
            OHOS::Rosen::ScreenSessionManager::SetCameraStatus*;
            OHOS::Rosen::ScreenSessionManager::SetClient*;
            OHOS::Rosen::ScreenSessionManager::SetDefaultDensityDpi*;
            OHOS::Rosen::ScreenSessionManager::SetDefaultMultiScreenModeWhenSwitchUser*;
            OHOS::Rosen::ScreenSessionManager::SetDisplayScale*;
            OHOS::Rosen::ScreenSessionManager::SetDisplayState*;
            OHOS::Rosen::ScreenSessionManager::SetExtendedScreenFallbackPlan*;
            OHOS::Rosen::ScreenSessionManager::SetFoldDisplayMode*;
            OHOS::Rosen::ScreenSessionManager::SetFoldDisplayModeFromJs*;
            OHOS::Rosen::ScreenSessionManager::SetFoldStatusExpandAndLocked*;
            OHOS::Rosen::ScreenSessionManager::SetFoldStatusLocked*;
            OHOS::Rosen::ScreenSessionManager::SetFoldStatusLockedFromJs*;
            OHOS::Rosen::ScreenSessionManager::SetForceCloseHdr*;
            OHOS::Rosen::ScreenSessionManager::SetInstance*;
            OHOS::Rosen::ScreenSessionManager::SetLandscapeLockStatus*;
            OHOS::Rosen::ScreenSessionManager::SetMultiScreenMode*;
            OHOS::Rosen::ScreenSessionManager::SetMultiScreenRelativePosition*;
            OHOS::Rosen::ScreenSessionManager::SetOrientation*;
            OHOS::Rosen::ScreenSessionManager::SetPixelFormat*;
            OHOS::Rosen::ScreenSessionManager::SetPowerStateForAod*;
            OHOS::Rosen::ScreenSessionManager::SetPrimaryDisplaySystemDpi*;
            OHOS::Rosen::ScreenSessionManager::SetPrivacyStateByDisplayId*;
            OHOS::Rosen::ScreenSessionManager::SetResolution*;
            OHOS::Rosen::ScreenSessionManager::SetScreenActiveMode*;
            OHOS::Rosen::ScreenSessionManager::SetScreenBrightness*;
            OHOS::Rosen::ScreenSessionManager::SetScreenColorGamut*;
            OHOS::Rosen::ScreenSessionManager::SetScreenColorSpace*;
            OHOS::Rosen::ScreenSessionManager::SetScreenColorTransform*;
            OHOS::Rosen::ScreenSessionManager::SetScreenCorrection*;
            OHOS::Rosen::ScreenSessionManager::SetScreenGamutMap*;
            OHOS::Rosen::ScreenSessionManager::SetScreenHDRFormat*;
            OHOS::Rosen::ScreenSessionManager::SetScreenOffDelayTime*;
            OHOS::Rosen::ScreenSessionManager::SetScreenOnDelayTime*;
            OHOS::Rosen::ScreenSessionManager::SetScreenPowerById*;
            OHOS::Rosen::ScreenSessionManager::SetScreenPowerForAll*;
            OHOS::Rosen::ScreenSessionManager::SetScreenPrivacyMaskImage*;
            OHOS::Rosen::ScreenSessionManager::SetScreenPrivacyState*;
            OHOS::Rosen::ScreenSessionManager::SetScreenPrivacyWindowList*;
            OHOS::Rosen::ScreenSessionManager::SetScreenPrivacyWindowTagSwitch*;
            OHOS::Rosen::ScreenSessionManager::SetScreenRotationLocked*;
            OHOS::Rosen::ScreenSessionManager::SetScreenRotationLockedFromJs*;
            OHOS::Rosen::ScreenSessionManager::SetScreenSkipProtectedWindow*;
            OHOS::Rosen::ScreenSessionManager::SetSpecifiedScreenPower*;
            OHOS::Rosen::ScreenSessionManager::SetSupportsInput*;
            OHOS::Rosen::ScreenSessionManager::SetSystemKeyboardStatus*;
            OHOS::Rosen::ScreenSessionManager::SetVirtualDisplayMuteFlag*;
            OHOS::Rosen::ScreenSessionManager::SetVirtualMirrorScreenCanvasRotation*;
            OHOS::Rosen::ScreenSessionManager::SetVirtualMirrorScreenScaleMode*;
            OHOS::Rosen::ScreenSessionManager::SetVirtualPixelRatio*;
            OHOS::Rosen::ScreenSessionManager::SetVirtualPixelRatioSystem*;
            OHOS::Rosen::ScreenSessionManager::SetVirtualScreenAutoRotation*;
            OHOS::Rosen::ScreenSessionManager::SetVirtualScreenBlackList*;
            OHOS::Rosen::ScreenSessionManager::SetVirtualScreenFlag*;
            OHOS::Rosen::ScreenSessionManager::SetVirtualScreenMaxRefreshRate*;
            OHOS::Rosen::ScreenSessionManager::SetVirtualScreenRefreshRate*;
            OHOS::Rosen::ScreenSessionManager::SetVirtualScreenSecurityExemption*;
            OHOS::Rosen::ScreenSessionManager::SetVirtualScreenStatus*;
            OHOS::Rosen::ScreenSessionManager::SetVirtualScreenSurface*;
            OHOS::Rosen::ScreenSessionManager::StopExpand*;
            OHOS::Rosen::ScreenSessionManager::StopMirror*;
            OHOS::Rosen::ScreenSessionManager::SuspendBegin*;
            OHOS::Rosen::ScreenSessionManager::SuspendEnd*;
            OHOS::Rosen::ScreenSessionManager::SwitchUser*;
            OHOS::Rosen::ScreenSessionManager::SynchronizePowerStatus*;
            OHOS::Rosen::ScreenSessionManager::SyncScreenPowerState*;
            OHOS::Rosen::ScreenSessionManager::SyncScreenPropertyChangedToServer*;
            OHOS::Rosen::ScreenSessionManager::TryToCancelScreenOff*;
            OHOS::Rosen::ScreenSessionManager::UnRegisterDisplayAttribute*;
            OHOS::Rosen::ScreenSessionManager::UnregisterDisplayManagerAgent*;
            OHOS::Rosen::ScreenSessionManager::UpdateAvailableArea*;
            OHOS::Rosen::ScreenSessionManager::UpdateDisplayHookInfo*;
            OHOS::Rosen::ScreenSessionManager::UpdateScreenDirectionInfo*;
            OHOS::Rosen::ScreenSessionManager::UpdateScreenRotationProperty*;
            OHOS::Rosen::ScreenSessionManager::UpdateSuperFoldAvailableArea*;
            OHOS::Rosen::ScreenSessionManager::UpdateSuperFoldExpandAvailableArea*;
            OHOS::Rosen::ScreenSessionManager::WakeUpBegin*;
            OHOS::Rosen::ScreenSessionManager::WakeUpEnd*;
            OHOS::Rosen::ScreenSessionManagerStub::OnRemoteRequest*;
            OHOS::Rosen::ScreenSessionManagerStub::OnRemoteRequestInner*;
 
            vtable?for?OHOS::Rosen::ScreenSessionManager*;
            VTT?for?OHOS::Rosen::ScreenSessionManager*;
            VTT?for?OHOS::Rosen::ScreenSessionManagerStub*;
        };
    local:
    *;
};