# Copyright (c) 2026 Huawei Device Co., Ltd.
# Licensed under the Apache License, Version 2.0 (the "License");
# you may not use this file except in compliance with the License.
# You may obtain a copy of the License at
#
#     http://www.apache.org/licenses/LICENSE-2.0
#
# Unless required by applicable law or agreed to in writing, software
# distributed under the License is distributed on an "AS IS" BASIS,
# WITHOUT WARRANTIES OR CONDITIONS OF ANY KIND, either express or implied.
# See the License for the specific language governing permissions and
# limitations under the License.

{
    global:
        extern "C++" {
            OHOS::Rosen::AnimationTypeInit*;
            OHOS::Rosen::AsyncCallback::*AsyncCallback*;
            OHOS::Rosen::AsyncCallback::rejectedCallback_;
            OHOS::Rosen::AsyncCallback::resolvedCallback_;
            OHOS::Rosen::AvoidAreaTypeInit*;
            OHOS::Rosen::BindFunctions*;
            OHOS::Rosen::BlurStyleInit*;
            OHOS::Rosen::BuildJsPosition*;
            OHOS::Rosen::BuildJsRectChangeOptions*;
            OHOS::Rosen::CallPromise*;
            OHOS::Rosen::CheckCallingPermission*;
            OHOS::Rosen::CheckPromise*;
            OHOS::Rosen::CheckZIndex*;
            OHOS::Rosen::ColorSpaceInit*;
            OHOS::Rosen::ConvertAvoidAreaToJsValue*;
            OHOS::Rosen::ConvertDecorButtonStyleFromJs*;
            OHOS::Rosen::ConvertFrameMetricsToJsValue*;
            OHOS::Rosen::ConvertJSSystemBarStyleToSystemBarProperties*;
            OHOS::Rosen::ConvertKeyFramePolicyToJsValue*;
            OHOS::Rosen::ConvertNativeValueToVector*;
            OHOS::Rosen::ConvertRectFromJsValue*;
            OHOS::Rosen::ConvertTitleButtonAreaToJsValue*;
            OHOS::Rosen::ConvertWindowDensityInfoToJsValue*;
            OHOS::Rosen::CreateAsyncTask*;
            OHOS::Rosen::CreateEmptyAsyncTask*;
            OHOS::Rosen::CreateEmptyWsNapiAsyncTask*;
            OHOS::Rosen::CreateJsDecorButtonStyleObj*;
            OHOS::Rosen::CreateJsExtensionWindowConfig*;
            OHOS::Rosen::CreateJsMainWindowInfoArrayObject*;
            OHOS::Rosen::CreateJsMainWindowInfoObject*;
            OHOS::Rosen::CreateJsPixelMapArrayObject*;
            OHOS::Rosen::CreateJsPixelMapObject*;
            OHOS::Rosen::CreateJsSystemBarPropertiesObject*;
            OHOS::Rosen::CreateJsSystemBarRegionTintArrayObject*;
            OHOS::Rosen::CreateJsWindowAnimationConfigObject*;
            OHOS::Rosen::CreateJsWindowArrayObject*;
            OHOS::Rosen::CreateJsWindowInfoArrayObject*;
            OHOS::Rosen::CreateJsWindowInfoObject*;
            OHOS::Rosen::CreateJsWindowLayoutInfoArrayObject*;
            OHOS::Rosen::CreateJsWindowLayoutInfoObject*;
            OHOS::Rosen::CreateJsWindowObject*;
            OHOS::Rosen::CreateJsWindowPropertiesObject*;
            OHOS::Rosen::CreateRotationChangeInfoObject*;
            OHOS::Rosen::ExtensionWindowAttributeInit*;
            OHOS::Rosen::FindJsWindowObject*;
            OHOS::Rosen::GetAPI7Ability*;
            OHOS::Rosen::GetMoveConfigurationFromJsValue*;
            OHOS::Rosen::GetRectAndConvertToJsValue*;
            OHOS::Rosen::GetRotationResultFromJs*;
            OHOS::Rosen::GetSpecificBarStatus*;
            OHOS::Rosen::GetStatusBarPropertyObject*;
            OHOS::Rosen::GetSystemBarPropertiesFromJs*;
            OHOS::Rosen::GetSystemBarStatus*;
            OHOS::Rosen::GetType*;
            OHOS::Rosen::GetWindowBackgroundColorFromJs*;
            OHOS::Rosen::GetWindowIdFromJsValue*;
            OHOS::Rosen::GetWindowLimitsAndConvertToJsValue*;
            OHOS::Rosen::GetWindowMaskFromJsValue*;
            OHOS::Rosen::GlobalWindowModeInit*;
            OHOS::Rosen::JsExtensionWindowConfig::*JsExtensionWindowConfig*;
            OHOS::Rosen::JsExtensionWindowConfig::Finalizer*;
            OHOS::Rosen::JsExtensionWindowConfig::GetSubWindowOptions*;
            OHOS::Rosen::JsExtensionWindowConfig::GetSubWindowOptionsDecorEnabled*;
            OHOS::Rosen::JsExtensionWindowConfig::GetSubWindowOptionsIsModal*;
            OHOS::Rosen::JsExtensionWindowConfig::GetSubWindowOptionsIsTopmost*;
            OHOS::Rosen::JsExtensionWindowConfig::GetSubWindowOptionsTitle*;
            OHOS::Rosen::JsExtensionWindowConfig::GetSystemWindowOptions*;
            OHOS::Rosen::JsExtensionWindowConfig::GetSystemWindowOptionsWindowType*;
            OHOS::Rosen::JsExtensionWindowConfig::GetWindowAttribute*;
            OHOS::Rosen::JsExtensionWindowConfig::GetWindowName*;
            OHOS::Rosen::JsExtensionWindowConfig::GetWindowRect*;
            OHOS::Rosen::JsExtensionWindowConfig::GetWindowRectHeight*;
            OHOS::Rosen::JsExtensionWindowConfig::GetWindowRectLeft*;
            OHOS::Rosen::JsExtensionWindowConfig::GetWindowRectTop*;
            OHOS::Rosen::JsExtensionWindowConfig::GetWindowRectWidth*;
            OHOS::Rosen::JsExtensionWindowConfig::SetSubWindowOptions*;
            OHOS::Rosen::JsExtensionWindowConfig::SetSubWindowOptionsDecorEnabled*;
            OHOS::Rosen::JsExtensionWindowConfig::SetSubWindowOptionsIsModal*;
            OHOS::Rosen::JsExtensionWindowConfig::SetSubWindowOptionsIsTopmost*;
            OHOS::Rosen::JsExtensionWindowConfig::SetSubWindowOptionsTitle*;
            OHOS::Rosen::JsExtensionWindowConfig::SetSystemWindowOptions*;
            OHOS::Rosen::JsExtensionWindowConfig::SetSystemWindowOptionsWindowType*;
            OHOS::Rosen::JsExtensionWindowConfig::SetWindowAttribute*;
            OHOS::Rosen::JsExtensionWindowConfig::SetWindowName*;
            OHOS::Rosen::JsExtensionWindowConfig::SetWindowRect*;
            OHOS::Rosen::JsExtensionWindowConfig::SetWindowRectHeight*;
            OHOS::Rosen::JsExtensionWindowConfig::SetWindowRectLeft*;
            OHOS::Rosen::JsExtensionWindowConfig::SetWindowRectTop*;
            OHOS::Rosen::JsExtensionWindowConfig::SetWindowRectWidth*;
            OHOS::Rosen::JsTransitionContext::*JsTransitionContext*;
            OHOS::Rosen::JsTransitionContext::CompleteTransition*;
            OHOS::Rosen::JsTransitionContext::Finalizer*;
            OHOS::Rosen::JsTransitionController::*JsTransitionController*;
            OHOS::Rosen::JsTransitionController::AnimationForHidden*;
            OHOS::Rosen::JsTransitionController::AnimationForShown*;
            OHOS::Rosen::JsTransitionController::SetJsController*;
            OHOS::Rosen::JsWindow::*JsWindow*;
            OHOS::Rosen::JsWindow::BindDialogTarget*;
            OHOS::Rosen::JsWindow::ChangeCallingWindowId*;
            OHOS::Rosen::JsWindow::ClearWindowMask*;
            OHOS::Rosen::JsWindow::ClientToGlobalDisplay*;
            OHOS::Rosen::JsWindow::ConvertOrientationAndRotation*;
            OHOS::Rosen::JsWindow::CreateSubWindowWithOptions*;
            OHOS::Rosen::JsWindow::Destroy*;
            OHOS::Rosen::JsWindow::DestroyWindow*;
            OHOS::Rosen::JsWindow::DisableLandscapeMultiWindow*;
            OHOS::Rosen::JsWindow::DisableWindowDecor*;
            OHOS::Rosen::JsWindow::Dump*;
            OHOS::Rosen::JsWindow::EnableDrag*;
            OHOS::Rosen::JsWindow::EnableLandscapeMultiWindow*;
            OHOS::Rosen::JsWindow::Finalizer*;
            OHOS::Rosen::JsWindow::GetAvoidArea*;
            OHOS::Rosen::JsWindow::GetColorSpace*;
            OHOS::Rosen::JsWindow::GetDecorButtonStyle*;
            OHOS::Rosen::JsWindow::GetGestureBackEnabled*;
            OHOS::Rosen::JsWindow::GetGlobalScaledRect*;
            OHOS::Rosen::JsWindow::GetImmersiveModeEnabledState*;
            OHOS::Rosen::JsWindow::GetParentWindow*;
            OHOS::Rosen::JsWindow::GetPreferredOrientation*;
            OHOS::Rosen::JsWindow::GetProperties*;
            OHOS::Rosen::JsWindow::GetRotationLocked*;
            OHOS::Rosen::JsWindow::GetStatusBarProperty*;
            OHOS::Rosen::JsWindow::GetSubWindowZLevel*;
            OHOS::Rosen::JsWindow::GetTitleButtonRect*;
            OHOS::Rosen::JsWindow::GetTransitionController*;
            OHOS::Rosen::JsWindow::GetUIContext*;
            OHOS::Rosen::JsWindow::GetWindow*;
            OHOS::Rosen::JsWindow::GetWindowAvoidAreaIgnoringVisibilitySync*;
            OHOS::Rosen::JsWindow::GetWindowAvoidAreaSync*;
            OHOS::Rosen::JsWindow::GetWindowColorSpaceSync*;
            OHOS::Rosen::JsWindow::GetWindowCornerRadius*;
            OHOS::Rosen::JsWindow::GetWindowDecorHeight*;
            OHOS::Rosen::JsWindow::GetWindowDecorVisible*;
            OHOS::Rosen::JsWindow::GetWindowDensityInfo*;
            OHOS::Rosen::JsWindow::GetWindowLimits*;
            OHOS::Rosen::JsWindow::GetWindowLimitsVP*;
            OHOS::Rosen::JsWindow::GetWindowPropertiesSync*;
            OHOS::Rosen::JsWindow::GetWindowStateSnapshot*;
            OHOS::Rosen::JsWindow::GetWindowStatus*;
            OHOS::Rosen::JsWindow::GetWindowSystemBarPropertiesSync*;
            OHOS::Rosen::JsWindow::GetWindowTransitionAnimation*;
            OHOS::Rosen::JsWindow::GlobalDisplayToClient*;
            OHOS::Rosen::JsWindow::Hide*;
            OHOS::Rosen::JsWindow::HideNonSystemFloatingWindows*;
            OHOS::Rosen::JsWindow::HideWithAnimation*;
            OHOS::Rosen::JsWindow::IsFocused*;
            OHOS::Rosen::JsWindow::IsImmersiveLayout*;
            OHOS::Rosen::JsWindow::IsInFreeWindowMode*;
            OHOS::Rosen::JsWindow::IsMainWindowFullScreenAcrossDisplays*;
            OHOS::Rosen::JsWindow::IsReceiveDragEventEnabled*;
            OHOS::Rosen::JsWindow::IsSeparationTouchEnabled*;
            OHOS::Rosen::JsWindow::IsShowing*;
            OHOS::Rosen::JsWindow::IsSupportWideGamut*;
            OHOS::Rosen::JsWindow::IsSystemAvoidAreaEnabled*;
            OHOS::Rosen::JsWindow::IsWindowHighlighted*;
            OHOS::Rosen::JsWindow::IsWindowShowingSync*;
            OHOS::Rosen::JsWindow::IsWindowSupportWideGamut*;
            OHOS::Rosen::JsWindow::KeepKeyboardOnFocus*;
            OHOS::Rosen::JsWindow::LoadContent*;
            OHOS::Rosen::JsWindow::LoadContentByName*;
            OHOS::Rosen::JsWindow::Maximize*;
            OHOS::Rosen::JsWindow::Minimize*;
            OHOS::Rosen::JsWindow::MoveTo*;
            OHOS::Rosen::JsWindow::MoveWindowTo*;
            OHOS::Rosen::JsWindow::MoveWindowToAsync*;
            OHOS::Rosen::JsWindow::MoveWindowToGlobal*;
            OHOS::Rosen::JsWindow::MoveWindowToGlobalDisplay*;
            OHOS::Rosen::JsWindow::Opacity*;
            OHOS::Rosen::JsWindow::RaiseAboveTarget*;
            OHOS::Rosen::JsWindow::RaiseMainWindowAboveTarget*;
            OHOS::Rosen::JsWindow::RaiseToAppTop*;
            OHOS::Rosen::JsWindow::Recover*;
            OHOS::Rosen::JsWindow::RegisterWindowCallback*;
            OHOS::Rosen::JsWindow::RequestFocus*;
            OHOS::Rosen::JsWindow::ResetAspectRatio*;
            OHOS::Rosen::JsWindow::Resize*;
            OHOS::Rosen::JsWindow::ResizeWindow*;
            OHOS::Rosen::JsWindow::ResizeWindowAsync*;
            OHOS::Rosen::JsWindow::Restore*;
            OHOS::Rosen::JsWindow::RestoreMainWindow*;
            OHOS::Rosen::JsWindow::Rotate*;
            OHOS::Rosen::JsWindow::Scale*;
            OHOS::Rosen::JsWindow::SetAspectRatio*;
            OHOS::Rosen::JsWindow::SetBackdropBlur*;
            OHOS::Rosen::JsWindow::SetBackdropBlurStyle*;
            OHOS::Rosen::JsWindow::SetBackgroundColor*;
            OHOS::Rosen::JsWindow::SetBlur*;
            OHOS::Rosen::JsWindow::SetBrightness*;
            OHOS::Rosen::JsWindow::SetColorSpace*;
            OHOS::Rosen::JsWindow::SetContentAspectRatio*;
            OHOS::Rosen::JsWindow::SetCornerRadius*;
            OHOS::Rosen::JsWindow::SetDecorButtonStyle*;
            OHOS::Rosen::JsWindow::SetDefaultDensityEnabled*;
            OHOS::Rosen::JsWindow::SetDialogBackGestureEnabled*;
            OHOS::Rosen::JsWindow::SetDimBehind*;
            OHOS::Rosen::JsWindow::SetDragKeyFramePolicy*;
            OHOS::Rosen::JsWindow::SetExclusivelyHighlighted*;
            OHOS::Rosen::JsWindow::SetFocusable*;
            OHOS::Rosen::JsWindow::SetFollowParentMultiScreenPolicy*;
            OHOS::Rosen::JsWindow::SetFollowParentWindowLayoutEnabled*;
            OHOS::Rosen::JsWindow::SetForbidSplitMove*;
            OHOS::Rosen::JsWindow::SetFullScreen*;
            OHOS::Rosen::JsWindow::SetGestureBackEnabled*;
            OHOS::Rosen::JsWindow::SetHandwritingFlag*;
            OHOS::Rosen::JsWindow::SetImmersiveModeEnabledState*;
            OHOS::Rosen::JsWindow::SetKeepScreenOn*;
            OHOS::Rosen::JsWindow::SetLayoutFullScreen*;
            OHOS::Rosen::JsWindow::SetMainWindowRaiseByClickEnabled*;
            OHOS::Rosen::JsWindow::SetOutsideTouchable*;
            OHOS::Rosen::JsWindow::SetParentWindow*;
            OHOS::Rosen::JsWindow::SetPreferredOrientation*;
            OHOS::Rosen::JsWindow::SetPrivacyMode*;
            OHOS::Rosen::JsWindow::SetRaiseByClickEnabled*;
            OHOS::Rosen::JsWindow::SetReceiveDragEventEnabled*;
            OHOS::Rosen::JsWindow::SetRelativePositionToParentWindowEnabled*;
            OHOS::Rosen::JsWindow::SetResizeByDragEnabled*;
            OHOS::Rosen::JsWindow::SetRotationLocked*;
            OHOS::Rosen::JsWindow::SetSeparationTouchEnabled*;
            OHOS::Rosen::JsWindow::SetShadow*;
            OHOS::Rosen::JsWindow::SetSingleFrameComposerEnabled*;
            OHOS::Rosen::JsWindow::SetSnapshotSkip*;
            OHOS::Rosen::JsWindow::SetSpecificSystemBarEnabled*;
            OHOS::Rosen::JsWindow::SetStatusBarColor*;
            OHOS::Rosen::JsWindow::SetSubWindowModal*;
            OHOS::Rosen::JsWindow::SetSubWindowZLevel*;
            OHOS::Rosen::JsWindow::SetSystemAvoidAreaEnabled*;
            OHOS::Rosen::JsWindow::SetSystemBarEnable*;
            OHOS::Rosen::JsWindow::SetSystemBarProperties*;
            OHOS::Rosen::JsWindow::SetTitleAndDockHoverShown*;
            OHOS::Rosen::JsWindow::SetTitleButtonVisible*;
            OHOS::Rosen::JsWindow::SetTopmost*;
            OHOS::Rosen::JsWindow::SetTouchable*;
            OHOS::Rosen::JsWindow::SetTouchableAreas*;
            OHOS::Rosen::JsWindow::SetTransparent*;
            OHOS::Rosen::JsWindow::SetUIContent*;
            OHOS::Rosen::JsWindow::SetWakeUpScreen*;
            OHOS::Rosen::JsWindow::SetWaterMarkFlag*;
            OHOS::Rosen::JsWindow::SetWindowBackgroundColorSync*;
            OHOS::Rosen::JsWindow::SetWindowBrightness*;
            OHOS::Rosen::JsWindow::SetWindowColorSpace*;
            OHOS::Rosen::JsWindow::SetWindowContainerColor*;
            OHOS::Rosen::JsWindow::SetWindowContainerModalColor*;
            OHOS::Rosen::JsWindow::SetWindowCornerRadius*;
            OHOS::Rosen::JsWindow::SetWindowDecorHeight*;
            OHOS::Rosen::JsWindow::SetWindowDecorVisible*;
            OHOS::Rosen::JsWindow::SetWindowDelayRaiseOnDrag*;
            OHOS::Rosen::JsWindow::SetWindowFocusable*;
            OHOS::Rosen::JsWindow::SetWindowGrayScale*;
            OHOS::Rosen::JsWindow::SetWindowKeepScreenOn*;
            OHOS::Rosen::JsWindow::SetWindowLayoutFullScreen*;
            OHOS::Rosen::JsWindow::SetWindowLimits*;
            OHOS::Rosen::JsWindow::SetWindowMask*;
            OHOS::Rosen::JsWindow::SetWindowMode*;
            OHOS::Rosen::JsWindow::SetWindowPrivacyMode*;
            OHOS::Rosen::JsWindow::SetWindowShadowEnabled*;
            OHOS::Rosen::JsWindow::SetWindowShadowRadius*;
            OHOS::Rosen::JsWindow::SetWindowSystemBarEnable*;
            OHOS::Rosen::JsWindow::SetWindowSystemBarProperties*;
            OHOS::Rosen::JsWindow::SetWindowTitle*;
            OHOS::Rosen::JsWindow::SetWindowTitleButtonVisible*;
            OHOS::Rosen::JsWindow::SetWindowTitleMoveEnabled*;
            OHOS::Rosen::JsWindow::SetWindowTopmost*;
            OHOS::Rosen::JsWindow::SetWindowTouchable*;
            OHOS::Rosen::JsWindow::SetWindowTransitionAnimation*;
            OHOS::Rosen::JsWindow::SetWindowType*;
            OHOS::Rosen::JsWindow::Show*;
            OHOS::Rosen::JsWindow::ShowWindow*;
            OHOS::Rosen::JsWindow::ShowWithAnimation*;
            OHOS::Rosen::JsWindow::Snapshot*;
            OHOS::Rosen::JsWindow::SnapshotIgnorePrivacy*;
            OHOS::Rosen::JsWindow::SnapshotSync*;
            OHOS::Rosen::JsWindow::StartMoving*;
            OHOS::Rosen::JsWindow::StopMoving*;
            OHOS::Rosen::JsWindow::Translate*;
            OHOS::Rosen::JsWindow::UnregisterWindowCallback*;
            OHOS::Rosen::JsWindowListener::*JsWindowListener*;
            OHOS::Rosen::JsWindowListener::AfterBackground*;
            OHOS::Rosen::JsWindowListener::AfterDestroyed*;
            OHOS::Rosen::JsWindowListener::AfterFocused*;
            OHOS::Rosen::JsWindowListener::AfterForeground*;
            OHOS::Rosen::JsWindowListener::AfterLifecycleBackground*;
            OHOS::Rosen::JsWindowListener::AfterLifecycleForeground*;
            OHOS::Rosen::JsWindowListener::AfterLifecyclePaused*;
            OHOS::Rosen::JsWindowListener::AfterLifecycleResumed*;
            OHOS::Rosen::JsWindowListener::AfterPaused*;
            OHOS::Rosen::JsWindowListener::AfterResumed*;
            OHOS::Rosen::JsWindowListener::AfterUnfocused*;
            OHOS::Rosen::JsWindowListener::asyncCloseExecuteCount_;
            OHOS::Rosen::JsWindowListener::CallJsMethod*;
            OHOS::Rosen::JsWindowListener::CanCancelUnregister*;
            OHOS::Rosen::JsWindowListener::GetTimeout*;
            OHOS::Rosen::JsWindowListener::OnAcrossDisplaysChanged*;
            OHOS::Rosen::JsWindowListener::OnAvoidAreaChanged*;
            OHOS::Rosen::JsWindowListener::OnDialogDeathRecipient*;
            OHOS::Rosen::JsWindowListener::OnDialogTargetTouch*;
            OHOS::Rosen::JsWindowListener::OnDisplayIdChanged*;
            OHOS::Rosen::JsWindowListener::OnFrameMetricsChanged*;
            OHOS::Rosen::JsWindowListener::OnFreeWindowModeChange*;
            OHOS::Rosen::JsWindowListener::OnGestureNavigationEnabledUpdate*;
            OHOS::Rosen::JsWindowListener::OnKeyboardDidHide*;
            OHOS::Rosen::JsWindowListener::OnKeyboardDidShow*;
            OHOS::Rosen::JsWindowListener::OnKeyboardWillHide*;
            OHOS::Rosen::JsWindowListener::OnKeyboardWillShow*;
            OHOS::Rosen::JsWindowListener::OnMainWindowClose*;
            OHOS::Rosen::JsWindowListener::OnModeChange*;
            OHOS::Rosen::JsWindowListener::OnOcclusionStateChanged*;
            OHOS::Rosen::JsWindowListener::OnRectChange*;
            OHOS::Rosen::JsWindowListener::OnRectChangeInGlobalDisplay*;
            OHOS::Rosen::JsWindowListener::OnRotationChange*;
            OHOS::Rosen::JsWindowListener::OnScreenshot*;
            OHOS::Rosen::JsWindowListener::OnScreenshotAppEvent*;
            OHOS::Rosen::JsWindowListener::OnSecureLimitChange*;
            OHOS::Rosen::JsWindowListener::OnSizeChange*;
            OHOS::Rosen::JsWindowListener::OnSizeChange*;
            OHOS::Rosen::JsWindowListener::OnSubWindowClose*;
            OHOS::Rosen::JsWindowListener::OnSystemBarPropertyChange*;
            OHOS::Rosen::JsWindowListener::OnSystemDensityChanged*;
            OHOS::Rosen::JsWindowListener::OnTouchOutside*;
            OHOS::Rosen::JsWindowListener::OnWaterMarkFlagUpdate*;
            OHOS::Rosen::JsWindowListener::OnWindowHighlightChange*;
            OHOS::Rosen::JsWindowListener::OnWindowNoInteractionCallback*;
            OHOS::Rosen::JsWindowListener::OnWindowStatusChange*;
            OHOS::Rosen::JsWindowListener::OnWindowStatusDidChange*;
            OHOS::Rosen::JsWindowListener::OnWindowTitleButtonRectChanged*;
            OHOS::Rosen::JsWindowListener::OnWindowVisibilityChangedCallback*;
            OHOS::Rosen::JsWindowListener::OnWindowWillClose*;
            OHOS::Rosen::JsWindowListener::SetMainEventHandler*;
            OHOS::Rosen::JsWindowListener::SetTimeout*;
            OHOS::Rosen::JsWindowRegisterManager::*JsWindowRegisterManager*;
            OHOS::Rosen::JsWindowRegisterManager::RegisterListener*;
            OHOS::Rosen::JsWindowRegisterManager::UnregisterListener*;
            OHOS::Rosen::MappingWmErrorCodeSafely*;
            OHOS::Rosen::MaximizePresentationInit*;
            OHOS::Rosen::ModalityTypeInit*;
            OHOS::Rosen::NapiGetUndefined*;
            OHOS::Rosen::NapiIsCallable*;
            OHOS::Rosen::NapiThrowError*;
            OHOS::Rosen::OrientationInit*;
            OHOS::Rosen::ParseAndCheckRect*;
            OHOS::Rosen::ParseColorMetrics*;
            OHOS::Rosen::ParseJsValue*;
            OHOS::Rosen::ParseJsValueOrGetDefault*;
            OHOS::Rosen::ParseKeyFramePolicy*;
            OHOS::Rosen::ParseShowWindowOptions*;
            OHOS::Rosen::ParseSubWindowOptions*;
            OHOS::Rosen::ParseSystemWindowTypeForApiWindowType*;
            OHOS::Rosen::ParseTouchableAreas*;
            OHOS::Rosen::ParseZIndex*;
            OHOS::Rosen::PixelUnitInit*;
            OHOS::Rosen::RectChangeReasonInit*;
            OHOS::Rosen::RectTypeInit*;
            OHOS::Rosen::RejectedCallback*;
            OHOS::Rosen::ResolvedCallback*;
            OHOS::Rosen::RotationChangeTypeInit*;
            OHOS::Rosen::RotationInfoTypeInit*;
            OHOS::Rosen::ScreenshotEventTypeInit*;
            OHOS::Rosen::SetWindowNavigationBarContentColor*;
            OHOS::Rosen::SetWindowStatusBarContentColor*;
            OHOS::Rosen::WindowAnchorInit*;
            OHOS::Rosen::WindowAnimationCurveInit*;
            OHOS::Rosen::WindowErrorCodeInit*;
            OHOS::Rosen::WindowErrorInit*;
            OHOS::Rosen::WindowEventTypeInit*;
            OHOS::Rosen::WindowLayoutModeInit*;
            OHOS::Rosen::WindowModeInit*;
            OHOS::Rosen::WindowOcclusionStateInit*;
            OHOS::Rosen::WindowStageEventTypeInit*;
            OHOS::Rosen::WindowStageLifecycleEventTypeInit*;
            OHOS::Rosen::WindowStatusTypeInit*;
            OHOS::Rosen::WindowTransitionTypeInit*;
            OHOS::Rosen::WindowTypeInit*;
            OHOS::Rosen::WsNapiAsyncTask::*WsNapiAsyncTask*;
            OHOS::Rosen::WsNapiAsyncTask::Reject*;
            OHOS::Rosen::WsNapiAsyncTask::Resolve*;

            OHOS::Rosen::ACROSS_DISPLAYS_CHANGE_CB;
            OHOS::Rosen::AVOID_AREA_CHANGE_CB;
            OHOS::Rosen::DIALOG_DEATH_RECIPIENT_CB;
            OHOS::Rosen::DIALOG_TARGET_TOUCH_CB;
            OHOS::Rosen::EXTENSION_SECURE_LIMIT_CHANGE_CB;
            OHOS::Rosen::FRAME_METRICS_MEASURED_CHANGE_CB;
            OHOS::Rosen::FREE_WINDOW_MODE_CHANGE_CB;
            OHOS::Rosen::GESTURE_NAVIGATION_ENABLED_CHANGE_CB;
            OHOS::Rosen::JS_SIZE_CHANGE_REASON;
            OHOS::Rosen::JS_TO_NATIVE_ORIENTATION_MAP;
            OHOS::Rosen::JS_TO_NATIVE_WINDOW_MODE_MAP;
            OHOS::Rosen::JS_TO_NATIVE_WINDOW_TYPE_MAP;
            OHOS::Rosen::KEYBOARD_DID_HIDE_CB;
            OHOS::Rosen::KEYBOARD_DID_SHOW_CB;
            OHOS::Rosen::KEYBOARD_HEIGHT_CHANGE_CB;
            OHOS::Rosen::KEYBOARD_WILL_HIDE_CB;
            OHOS::Rosen::KEYBOARD_WILL_SHOW_CB;
            OHOS::Rosen::LIFECYCLE_EVENT_CB;
            OHOS::Rosen::NATIVE_JS_TO_WINDOW_TYPE_MAP;
            OHOS::Rosen::NATIVE_TO_JS_ORIENTATION_MAP;
            OHOS::Rosen::NATIVE_TO_JS_WINDOW_MODE_MAP;
            OHOS::Rosen::OCCLUSION_STATE_CHANGE_CB;
            OHOS::Rosen::RECT_CHANGE_IN_GLOBAL_DISPLAY_CB;
            OHOS::Rosen::SCREENSHOT_APP_EVENT_CB;
            OHOS::Rosen::SCREENSHOT_EVENT_CB;
            OHOS::Rosen::SUB_WINDOW_CLOSE_CB;
            OHOS::Rosen::SYSTEM_AVOID_AREA_CHANGE_CB;
            OHOS::Rosen::SYSTEM_BAR_TINT_CHANGE_CB;
            OHOS::Rosen::SYSTEM_DENSITY_CHANGE_CB;
            OHOS::Rosen::TOUCH_OUTSIDE_CB;
            OHOS::Rosen::WATER_MARK_FLAG_CHANGE_CB;
            OHOS::Rosen::WINDOW_DISPLAYID_CHANGE_CB;
            OHOS::Rosen::WINDOW_EVENT_CB;
            OHOS::Rosen::WINDOW_HIGHLIGHT_CHANGE_CB;
            OHOS::Rosen::WINDOW_NO_INTERACTION_DETECT_CB;
            OHOS::Rosen::WINDOW_RECT_CHANGE_CB;
            OHOS::Rosen::WINDOW_ROTATION_CHANGE_CB;
            OHOS::Rosen::WINDOW_SIZE_CHANGE_CB;
            OHOS::Rosen::WINDOW_STAGE_CLOSE_CB;
            OHOS::Rosen::WINDOW_STAGE_EVENT_CB;
            OHOS::Rosen::WINDOW_STAGE_LIFECYCLE_EVENT_CB;
            OHOS::Rosen::WINDOW_STATUS_CHANGE_CB;
            OHOS::Rosen::WINDOW_STATUS_DID_CHANGE_CB;
            OHOS::Rosen::WINDOW_TITLE_BUTTON_RECT_CHANGE_CB;
            OHOS::Rosen::WINDOW_VISIBILITY_CHANGE_CB;
            OHOS::Rosen::WINDOW_WILL_CLOSE_CB;
        };
    local:
    *;
};